exports[`ForecastSummaries renders correctly to match ForecastSummaries snapshot 1`] = `[Function]`;
