exports[`ForecastSummary renders correctly 1`] = `[Function]`;
